./make_filetime.py COLDCARD_MK4/file_time.c 5.0.0
==> COLDCARD_MK4/file_time.c already version 5.0.0; not changing it
cp COLDCARD_MK4/file_time.c .
cd ../external/micropython/ports/stm32 && make BOARD=COLDCARD_MK4 -j 4 EXCLUDE_NGU_TESTS=1 DEBUG_BUILD=0
make[1]: Entering directory '/work/external/micropython/ports/stm32'
Use make V=1 or set BUILD_VERBOSE in your environment to increase build verbosity.
Including User C Module from boards/COLDCARD_MK4/c-modules/aes256ctr
Including User C Module from boards/COLDCARD_MK4/c-modules/libngu
mkdir -p build-COLDCARD_MK4/genhdr
arm-none-eabi-as   -o boards/COLDCARD_MK4/c-modules/aes256ctr/aes_256_ctr.o boards/COLDCARD_MK4/c-modules/aes256ctr/aes_256_ctr.s
GEN build-COLDCARD_MK4/genhdr/pybcdc.inf
GEN build-COLDCARD_MK4/genhdr/pllfreqtable.h
mkdir -p build-COLDCARD_MK4/aes256ctr/
mkdir -p build-COLDCARD_MK4/boards/COLDCARD_MK4/
mkdir -p build-COLDCARD_MK4/boards/COLDCARD_MK4/c-modules/aes256ctr/
mkdir -p build-COLDCARD_MK4/build-COLDCARD_MK4/
mkdir -p build-COLDCARD_MK4/drivers/bus/
mkdir -p build-COLDCARD_MK4/drivers/dht/
mkdir -p build-COLDCARD_MK4/drivers/memory/
mkdir -p build-COLDCARD_MK4/extmod/
mkdir -p build-COLDCARD_MK4/lib/embed/
mkdir -p build-COLDCARD_MK4/lib/libc/
mkdir -p build-COLDCARD_MK4/lib/libm/
mkdir -p build-COLDCARD_MK4/lib/littlefs/
mkdir -p build-COLDCARD_MK4/lib/mp-readline/
mkdir -p build-COLDCARD_MK4/lib/netutils/
mkdir -p build-COLDCARD_MK4/lib/oofatfs/
mkdir -p build-COLDCARD_MK4/lib/stm32lib/CMSIS/STM32L4xx/Source/Templates/
mkdir -p build-COLDCARD_MK4/lib/stm32lib/CMSIS/STM32L4xx/Source/Templates/gcc/
mkdir -p build-COLDCARD_MK4/lib/stm32lib/STM32L4xx_HAL_Driver/Src/
mkdir -p build-COLDCARD_MK4/lib/timeutils/
mkdir -p build-COLDCARD_MK4/lib/utils/
mkdir -p build-COLDCARD_MK4/libngu/
mkdir -p build-COLDCARD_MK4/py/
mkdir -p build-COLDCARD_MK4/usbdev/class/src/
mkdir -p build-COLDCARD_MK4/usbdev/core/src/
GEN stmconst build-COLDCARD_MK4/genhdr/modstm_const.h
GEN build-COLDCARD_MK4/pins_COLDCARD_MK4.c
GEN build-COLDCARD_MK4/genhdr/pybcdc_inf.h
GEN build-COLDCARD_MK4/genhdr/mpversion.h
GEN build-COLDCARD_MK4/genhdr/moduledefs.h
GEN build-COLDCARD_MK4/genhdr/qstr.i.last
arm-none-eabi-gcc: warning: boards/COLDCARD_MK4/c-modules/aes256ctr/aes_256_ctr.o: linker input file unused because linking not done
GEN build-COLDCARD_MK4/genhdr/qstr.split
GEN build-COLDCARD_MK4/genhdr/compressed.split
GEN build-COLDCARD_MK4/genhdr/compressed.collected
Compressed data updated
GEN build-COLDCARD_MK4/genhdr/compressed.data.h
GEN build-COLDCARD_MK4/genhdr/qstrdefs.collected.h
QSTR updated
GEN build-COLDCARD_MK4/genhdr/qstrdefs.generated.h
HACKING target: build-COLDCARD_MK4/hack_lib_cifra.o
rm -f /work/external/libngu/libs/cifra/src/hmac.o /work/external/libngu/libs/cifra/src/sha1.o /work/external/libngu/libs/cifra/src/sha3.o /work/external/libngu/libs/cifra/src/sha256.o /work/external/libngu/libs/cifra/src/sha512.o /work/external/libngu/libs/cifra/src/pbkdf2.o /work/external/libngu/libs/cifra/src/chash.o /work/external/libngu/libs/cifra/src/blockwise.o /work/external/libngu/libs/cifra/src/aes.o /work/external/libngu/libs/cifra/src/modes.o
(cd /work/external/libngu/libs/cifra/src; make CC=arm-none-eabi-gcc CFLAGS="-I. -I../.. -Ibuild-COLDCARD_MK4 -I../../lib/cmsis/inc -I../../lib/stm32lib/CMSIS/STM32L4xx/Include/ -I../../lib/stm32lib/STM32L4xx_HAL_Driver/Inc -Iusbdev/core/inc -Iusbdev/class/inc -Ilwip_inc -Wall -Wpointer-arith -Werror -Wdouble-promotion -Wfloat-conversion -std=gnu99 -nostdlib -DVECT_TAB_OFFSET=0x20000 -I/work/external/libngu/ngu -I/work/external/libngu/libs -DNGU_INCL_AES=1 -DFFCONF_H=\"lib/oofatfs/ffconf.h\" -DMICROPY_VFS_FAT=1 -DMICROPY_VFS_LFS2=1 -DLFS2_NO_MALLOC -DLFS2_NO_DEBUG -DLFS2_NO_WARN -DLFS2_NO_ERROR -DLFS2_NO_ASSERT -DMP_CONFIGFILE=\"boards/COLDCARD_MK4/ckcc-port.h\" -DCOLDCARD_DEBUG=0 -DSTM32L4S5xx -mthumb -mfpu=fpv4-sp-d16 -mfloat-abi=hard -mtune=cortex-m4 -mcpu=cortex-m4 -g -Os -DNDEBUG -Iboards/COLDCARD_MK4 -DSTM32_HAL_H='<stm32l4xx_hal.h>' -DMICROPY_HW_VTOR=0x08020000 -DMICROPY_FLOAT_IMPL=MICROPY_FLOAT_IMPL_FLOAT -fsingle-precision-constant -fdata-sections -ffunction-sections -DMICROPY_MODULE_FROZEN_STR -DMICROPY_QSTR_EXTRA_POOL=mp_qstr_frozen_const_pool -DMICROPY_MODULE_FROZEN_MPY -DMICROPY_ROM_TEXT_COMPRESSION=1 -DFULL_FAT_ASSERT -I/work/external/libngu/libs/cifra/src -I/work/external/libngu/libs/cifra/src/ext" hmac.o sha1.o sha3.o sha256.o sha512.o pbkdf2.o chash.o blockwise.o aes.o modes.o)
CC ../../py/mpstate.c
make[2]: Entering directory '/work/external/libngu/libs/cifra/src'
arm-none-eabi-gcc -I. -I../.. -Ibuild-COLDCARD_MK4 -I../../lib/cmsis/inc -I../../lib/stm32lib/CMSIS/STM32L4xx/Include/ -I../../lib/stm32lib/STM32L4xx_HAL_Driver/Inc -Iusbdev/core/inc -Iusbdev/class/inc -Ilwip_inc -Wall -Wpointer-arith -Werror -Wdouble-promotion -Wfloat-conversion -std=gnu99 -nostdlib -DVECT_TAB_OFFSET=0x20000 -I/work/external/libngu/ngu -I/work/external/libngu/libs -DNGU_INCL_AES=1 -DFFCONF_H="lib/oofatfs/ffconf.h" -DMICROPY_VFS_FAT=1 -DMICROPY_VFS_LFS2=1 -DLFS2_NO_MALLOC -DLFS2_NO_DEBUG -DLFS2_NO_WARN -DLFS2_NO_ERROR -DLFS2_NO_ASSERT -DMP_CONFIGFILE="boards/COLDCARD_MK4/ckcc-port.h" -DCOLDCARD_DEBUG=0 -DSTM32L4S5xx -mthumb -mfpu=fpv4-sp-d16 -mfloat-abi=hard -mtune=cortex-m4 -mcpu=cortex-m4 -g -Os -DNDEBUG -Iboards/COLDCARD_MK4 -DSTM32_HAL_H='<stm32l4xx_hal.h>' -DMICROPY_HW_VTOR=0x08020000 -DMICROPY_FLOAT_IMPL=MICROPY_FLOAT_IMPL_FLOAT -fsingle-precision-constant -fdata-sections -ffunction-sections -DMICROPY_MODULE_FROZEN_STR -DMICROPY_QSTR_EXTRA_POOL=mp_qstr_frozen_const_pool -DMICROPY_MODULE_FROZEN_MPY -DMICROPY_ROM_TEXT_COMPRESSION=1 -DFULL_FAT_ASSERT -I/work/external/libngu/libs/cifra/src -I/work/external/libngu/libs/cifra/src/ext -I./ext  -c -o hmac.o hmac.c
arm-none-eabi-gcc -I. -I../.. -Ibuild-COLDCARD_MK4 -I../../lib/cmsis/inc -I../../lib/stm32lib/CMSIS/STM32L4xx/Include/ -I../../lib/stm32lib/STM32L4xx_HAL_Driver/Inc -Iusbdev/core/inc -Iusbdev/class/inc -Ilwip_inc -Wall -Wpointer-arith -Werror -Wdouble-promotion -Wfloat-conversion -std=gnu99 -nostdlib -DVECT_TAB_OFFSET=0x20000 -I/work/external/libngu/ngu -I/work/external/libngu/libs -DNGU_INCL_AES=1 -DFFCONF_H="lib/oofatfs/ffconf.h" -DMICROPY_VFS_FAT=1 -DMICROPY_VFS_LFS2=1 -DLFS2_NO_MALLOC -DLFS2_NO_DEBUG -DLFS2_NO_WARN -DLFS2_NO_ERROR -DLFS2_NO_ASSERT -DMP_CONFIGFILE="boards/COLDCARD_MK4/ckcc-port.h" -DCOLDCARD_DEBUG=0 -DSTM32L4S5xx -mthumb -mfpu=fpv4-sp-d16 -mfloat-abi=hard -mtune=cortex-m4 -mcpu=cortex-m4 -g -Os -DNDEBUG -Iboards/COLDCARD_MK4 -DSTM32_HAL_H='<stm32l4xx_hal.h>' -DMICROPY_HW_VTOR=0x08020000 -DMICROPY_FLOAT_IMPL=MICROPY_FLOAT_IMPL_FLOAT -fsingle-precision-constant -fdata-sections -ffunction-sections -DMICROPY_MODULE_FROZEN_STR -DMICROPY_QSTR_EXTRA_POOL=mp_qstr_frozen_const_pool -DMICROPY_MODULE_FROZEN_MPY -DMICROPY_ROM_TEXT_COMPRESSION=1 -DFULL_FAT_ASSERT -I/work/external/libngu/libs/cifra/src -I/work/external/libngu/libs/cifra/src/ext -I./ext  -c -o sha1.o sha1.c
arm-none-eabi-gcc -I. -I../.. -Ibuild-COLDCARD_MK4 -I../../lib/cmsis/inc -I../../lib/stm32lib/CMSIS/STM32L4xx/Include/ -I../../lib/stm32lib/STM32L4xx_HAL_Driver/Inc -Iusbdev/core/inc -Iusbdev/class/inc -Ilwip_inc -Wall -Wpointer-arith -Werror -Wdouble-promotion -Wfloat-conversion -std=gnu99 -nostdlib -DVECT_TAB_OFFSET=0x20000 -I/work/external/libngu/ngu -I/work/external/libngu/libs -DNGU_INCL_AES=1 -DFFCONF_H="lib/oofatfs/ffconf.h" -DMICROPY_VFS_FAT=1 -DMICROPY_VFS_LFS2=1 -DLFS2_NO_MALLOC -DLFS2_NO_DEBUG -DLFS2_NO_WARN -DLFS2_NO_ERROR -DLFS2_NO_ASSERT -DMP_CONFIGFILE="boards/COLDCARD_MK4/ckcc-port.h" -DCOLDCARD_DEBUG=0 -DSTM32L4S5xx -mthumb -mfpu=fpv4-sp-d16 -mfloat-abi=hard -mtune=cortex-m4 -mcpu=cortex-m4 -g -Os -DNDEBUG -Iboards/COLDCARD_MK4 -DSTM32_HAL_H='<stm32l4xx_hal.h>' -DMICROPY_HW_VTOR=0x08020000 -DMICROPY_FLOAT_IMPL=MICROPY_FLOAT_IMPL_FLOAT -fsingle-precision-constant -fdata-sections -ffunction-sections -DMICROPY_MODULE_FROZEN_STR -DMICROPY_QSTR_EXTRA_POOL=mp_qstr_frozen_const_pool -DMICROPY_MODULE_FROZEN_MPY -DMICROPY_ROM_TEXT_COMPRESSION=1 -DFULL_FAT_ASSERT -I/work/external/libngu/libs/cifra/src -I/work/external/libngu/libs/cifra/src/ext -I./ext  -c -o sha3.o sha3.c
arm-none-eabi-gcc -I. -I../.. -Ibuild-COLDCARD_MK4 -I../../lib/cmsis/inc -I../../lib/stm32lib/CMSIS/STM32L4xx/Include/ -I../../lib/stm32lib/STM32L4xx_HAL_Driver/Inc -Iusbdev/core/inc -Iusbdev/class/inc -Ilwip_inc -Wall -Wpointer-arith -Werror -Wdouble-promotion -Wfloat-conversion -std=gnu99 -nostdlib -DVECT_TAB_OFFSET=0x20000 -I/work/external/libngu/ngu -I/work/external/libngu/libs -DNGU_INCL_AES=1 -DFFCONF_H="lib/oofatfs/ffconf.h" -DMICROPY_VFS_FAT=1 -DMICROPY_VFS_LFS2=1 -DLFS2_NO_MALLOC -DLFS2_NO_DEBUG -DLFS2_NO_WARN -DLFS2_NO_ERROR -DLFS2_NO_ASSERT -DMP_CONFIGFILE="boards/COLDCARD_MK4/ckcc-port.h" -DCOLDCARD_DEBUG=0 -DSTM32L4S5xx -mthumb -mfpu=fpv4-sp-d16 -mfloat-abi=hard -mtune=cortex-m4 -mcpu=cortex-m4 -g -Os -DNDEBUG -Iboards/COLDCARD_MK4 -DSTM32_HAL_H='<stm32l4xx_hal.h>' -DMICROPY_HW_VTOR=0x08020000 -DMICROPY_FLOAT_IMPL=MICROPY_FLOAT_IMPL_FLOAT -fsingle-precision-constant -fdata-sections -ffunction-sections -DMICROPY_MODULE_FROZEN_STR -DMICROPY_QSTR_EXTRA_POOL=mp_qstr_frozen_const_pool -DMICROPY_MODULE_FROZEN_MPY -DMICROPY_ROM_TEXT_COMPRESSION=1 -DFULL_FAT_ASSERT -I/work/external/libngu/libs/cifra/src -I/work/external/libngu/libs/cifra/src/ext -I./ext  -c -o sha256.o sha256.c
arm-none-eabi-gcc -I. -I../.. -Ibuild-COLDCARD_MK4 -I../../lib/cmsis/inc -I../../lib/stm32lib/CMSIS/STM32L4xx/Include/ -I../../lib/stm32lib/STM32L4xx_HAL_Driver/Inc -Iusbdev/core/inc -Iusbdev/class/inc -Ilwip_inc -Wall -Wpointer-arith -Werror -Wdouble-promotion -Wfloat-conversion -std=gnu99 -nostdlib -DVECT_TAB_OFFSET=0x20000 -I/work/external/libngu/ngu -I/work/external/libngu/libs -DNGU_INCL_AES=1 -DFFCONF_H="lib/oofatfs/ffconf.h" -DMICROPY_VFS_FAT=1 -DMICROPY_VFS_LFS2=1 -DLFS2_NO_MALLOC -DLFS2_NO_DEBUG -DLFS2_NO_WARN -DLFS2_NO_ERROR -DLFS2_NO_ASSERT -DMP_CONFIGFILE="boards/COLDCARD_MK4/ckcc-port.h" -DCOLDCARD_DEBUG=0 -DSTM32L4S5xx -mthumb -mfpu=fpv4-sp-d16 -mfloat-abi=hard -mtune=cortex-m4 -mcpu=cortex-m4 -g -Os -DNDEBUG -Iboards/COLDCARD_MK4 -DSTM32_HAL_H='<stm32l4xx_hal.h>' -DMICROPY_HW_VTOR=0x08020000 -DMICROPY_FLOAT_IMPL=MICROPY_FLOAT_IMPL_FLOAT -fsingle-precision-constant -fdata-sections -ffunction-sections -DMICROPY_MODULE_FROZEN_STR -DMICROPY_QSTR_EXTRA_POOL=mp_qstr_frozen_const_pool -DMICROPY_MODULE_FROZEN_MPY -DMICROPY_ROM_TEXT_COMPRESSION=1 -DFULL_FAT_ASSERT -I/work/external/libngu/libs/cifra/src -I/work/external/libngu/libs/cifra/src/ext -I./ext  -c -o sha512.o sha512.c
arm-none-eabi-gcc -I. -I../.. -Ibuild-COLDCARD_MK4 -I../../lib/cmsis/inc -I../../lib/stm32lib/CMSIS/STM32L4xx/Include/ -I../../lib/stm32lib/STM32L4xx_HAL_Driver/Inc -Iusbdev/core/inc -Iusbdev/class/inc -Ilwip_inc -Wall -Wpointer-arith -Werror -Wdouble-promotion -Wfloat-conversion -std=gnu99 -nostdlib -DVECT_TAB_OFFSET=0x20000 -I/work/external/libngu/ngu -I/work/external/libngu/libs -DNGU_INCL_AES=1 -DFFCONF_H="lib/oofatfs/ffconf.h" -DMICROPY_VFS_FAT=1 -DMICROPY_VFS_LFS2=1 -DLFS2_NO_MALLOC -DLFS2_NO_DEBUG -DLFS2_NO_WARN -DLFS2_NO_ERROR -DLFS2_NO_ASSERT -DMP_CONFIGFILE="boards/COLDCARD_MK4/ckcc-port.h" -DCOLDCARD_DEBUG=0 -DSTM32L4S5xx -mthumb -mfpu=fpv4-sp-d16 -mfloat-abi=hard -mtune=cortex-m4 -mcpu=cortex-m4 -g -Os -DNDEBUG -Iboards/COLDCARD_MK4 -DSTM32_HAL_H='<stm32l4xx_hal.h>' -DMICROPY_HW_VTOR=0x08020000 -DMICROPY_FLOAT_IMPL=MICROPY_FLOAT_IMPL_FLOAT -fsingle-precision-constant -fdata-sections -ffunction-sections -DMICROPY_MODULE_FROZEN_STR -DMICROPY_QSTR_EXTRA_POOL=mp_qstr_frozen_const_pool -DMICROPY_MODULE_FROZEN_MPY -DMICROPY_ROM_TEXT_COMPRESSION=1 -DFULL_FAT_ASSERT -I/work/external/libngu/libs/cifra/src -I/work/external/libngu/libs/cifra/src/ext -I./ext  -c -o pbkdf2.o pbkdf2.c
CC ../../py/nlr.c
arm-none-eabi-gcc -I. -I../.. -Ibuild-COLDCARD_MK4 -I../../lib/cmsis/inc -I../../lib/stm32lib/CMSIS/STM32L4xx/Include/ -I../../lib/stm32lib/STM32L4xx_HAL_Driver/Inc -Iusbdev/core/inc -Iusbdev/class/inc -Ilwip_inc -Wall -Wpointer-arith -Werror -Wdouble-promotion -Wfloat-conversion -std=gnu99 -nostdlib -DVECT_TAB_OFFSET=0x20000 -I/work/external/libngu/ngu -I/work/external/libngu/libs -DNGU_INCL_AES=1 -DFFCONF_H="lib/oofatfs/ffconf.h" -DMICROPY_VFS_FAT=1 -DMICROPY_VFS_LFS2=1 -DLFS2_NO_MALLOC -DLFS2_NO_DEBUG -DLFS2_NO_WARN -DLFS2_NO_ERROR -DLFS2_NO_ASSERT -DMP_CONFIGFILE="boards/COLDCARD_MK4/ckcc-port.h" -DCOLDCARD_DEBUG=0 -DSTM32L4S5xx -mthumb -mfpu=fpv4-sp-d16 -mfloat-abi=hard -mtune=cortex-m4 -mcpu=cortex-m4 -g -Os -DNDEBUG -Iboards/COLDCARD_MK4 -DSTM32_HAL_H='<stm32l4xx_hal.h>' -DMICROPY_HW_VTOR=0x08020000 -DMICROPY_FLOAT_IMPL=MICROPY_FLOAT_IMPL_FLOAT -fsingle-precision-constant -fdata-sections -ffunction-sections -DMICROPY_MODULE_FROZEN_STR -DMICROPY_QSTR_EXTRA_POOL=mp_qstr_frozen_const_pool -DMICROPY_MODULE_FROZEN_MPY -DMICROPY_ROM_TEXT_COMPRESSION=1 -DFULL_FAT_ASSERT -I/work/external/libngu/libs/cifra/src -I/work/external/libngu/libs/cifra/src/ext -I./ext  -c -o chash.o chash.c
arm-none-eabi-gcc -I. -I../.. -Ibuild-COLDCARD_MK4 -I../../lib/cmsis/inc -I../../lib/stm32lib/CMSIS/STM32L4xx/Include/ -I../../lib/stm32lib/STM32L4xx_HAL_Driver/Inc -Iusbdev/core/inc -Iusbdev/class/inc -Ilwip_inc -Wall -Wpointer-arith -Werror -Wdouble-promotion -Wfloat-conversion -std=gnu99 -nostdlib -DVECT_TAB_OFFSET=0x20000 -I/work/external/libngu/ngu -I/work/external/libngu/libs -DNGU_INCL_AES=1 -DFFCONF_H="lib/oofatfs/ffconf.h" -DMICROPY_VFS_FAT=1 -DMICROPY_VFS_LFS2=1 -DLFS2_NO_MALLOC -DLFS2_NO_DEBUG -DLFS2_NO_WARN -DLFS2_NO_ERROR -DLFS2_NO_ASSERT -DMP_CONFIGFILE="boards/COLDCARD_MK4/ckcc-port.h" -DCOLDCARD_DEBUG=0 -DSTM32L4S5xx -mthumb -mfpu=fpv4-sp-d16 -mfloat-abi=hard -mtune=cortex-m4 -mcpu=cortex-m4 -g -Os -DNDEBUG -Iboards/COLDCARD_MK4 -DSTM32_HAL_H='<stm32l4xx_hal.h>' -DMICROPY_HW_VTOR=0x08020000 -DMICROPY_FLOAT_IMPL=MICROPY_FLOAT_IMPL_FLOAT -fsingle-precision-constant -fdata-sections -ffunction-sections -DMICROPY_MODULE_FROZEN_STR -DMICROPY_QSTR_EXTRA_POOL=mp_qstr_frozen_const_pool -DMICROPY_MODULE_FROZEN_MPY -DMICROPY_ROM_TEXT_COMPRESSION=1 -DFULL_FAT_ASSERT -I/work/external/libngu/libs/cifra/src -I/work/external/libngu/libs/cifra/src/ext -I./ext  -c -o blockwise.o blockwise.c
arm-none-eabi-gcc -I. -I../.. -Ibuild-COLDCARD_MK4 -I../../lib/cmsis/inc -I../../lib/stm32lib/CMSIS/STM32L4xx/Include/ -I../../lib/stm32lib/STM32L4xx_HAL_Driver/Inc -Iusbdev/core/inc -Iusbdev/class/inc -Ilwip_inc -Wall -Wpointer-arith -Werror -Wdouble-promotion -Wfloat-conversion -std=gnu99 -nostdlib -DVECT_TAB_OFFSET=0x20000 -I/work/external/libngu/ngu -I/work/external/libngu/libs -DNGU_INCL_AES=1 -DFFCONF_H="lib/oofatfs/ffconf.h" -DMICROPY_VFS_FAT=1 -DMICROPY_VFS_LFS2=1 -DLFS2_NO_MALLOC -DLFS2_NO_DEBUG -DLFS2_NO_WARN -DLFS2_NO_ERROR -DLFS2_NO_ASSERT -DMP_CONFIGFILE="boards/COLDCARD_MK4/ckcc-port.h" -DCOLDCARD_DEBUG=0 -DSTM32L4S5xx -mthumb -mfpu=fpv4-sp-d16 -mfloat-abi=hard -mtune=cortex-m4 -mcpu=cortex-m4 -g -Os -DNDEBUG -Iboards/COLDCARD_MK4 -DSTM32_HAL_H='<stm32l4xx_hal.h>' -DMICROPY_HW_VTOR=0x08020000 -DMICROPY_FLOAT_IMPL=MICROPY_FLOAT_IMPL_FLOAT -fsingle-precision-constant -fdata-sections -ffunction-sections -DMICROPY_MODULE_FROZEN_STR -DMICROPY_QSTR_EXTRA_POOL=mp_qstr_frozen_const_pool -DMICROPY_MODULE_FROZEN_MPY -DMICROPY_ROM_TEXT_COMPRESSION=1 -DFULL_FAT_ASSERT -I/work/external/libngu/libs/cifra/src -I/work/external/libngu/libs/cifra/src/ext -I./ext  -c -o aes.o aes.c
arm-none-eabi-gcc -I. -I../.. -Ibuild-COLDCARD_MK4 -I../../lib/cmsis/inc -I../../lib/stm32lib/CMSIS/STM32L4xx/Include/ -I../../lib/stm32lib/STM32L4xx_HAL_Driver/Inc -Iusbdev/core/inc -Iusbdev/class/inc -Ilwip_inc -Wall -Wpointer-arith -Werror -Wdouble-promotion -Wfloat-conversion -std=gnu99 -nostdlib -DVECT_TAB_OFFSET=0x20000 -I/work/external/libngu/ngu -I/work/external/libngu/libs -DNGU_INCL_AES=1 -DFFCONF_H="lib/oofatfs/ffconf.h" -DMICROPY_VFS_FAT=1 -DMICROPY_VFS_LFS2=1 -DLFS2_NO_MALLOC -DLFS2_NO_DEBUG -DLFS2_NO_WARN -DLFS2_NO_ERROR -DLFS2_NO_ASSERT -DMP_CONFIGFILE="boards/COLDCARD_MK4/ckcc-port.h" -DCOLDCARD_DEBUG=0 -DSTM32L4S5xx -mthumb -mfpu=fpv4-sp-d16 -mfloat-abi=hard -mtune=cortex-m4 -mcpu=cortex-m4 -g -Os -DNDEBUG -Iboards/COLDCARD_MK4 -DSTM32_HAL_H='<stm32l4xx_hal.h>' -DMICROPY_HW_VTOR=0x08020000 -DMICROPY_FLOAT_IMPL=MICROPY_FLOAT_IMPL_FLOAT -fsingle-precision-constant -fdata-sections -ffunction-sections -DMICROPY_MODULE_FROZEN_STR -DMICROPY_QSTR_EXTRA_POOL=mp_qstr_frozen_const_pool -DMICROPY_MODULE_FROZEN_MPY -DMICROPY_ROM_TEXT_COMPRESSION=1 -DFULL_FAT_ASSERT -I/work/external/libngu/libs/cifra/src -I/work/external/libngu/libs/cifra/src/ext -I./ext  -c -o modes.o modes.c
CC ../../py/nlrx86.c
CC ../../py/nlrx64.c
CC ../../py/nlrthumb.c
make[2]: Leaving directory '/work/external/libngu/libs/cifra/src'
arm-none-eabi-gcc -r -o build-COLDCARD_MK4/hack_lib_cifra.o -I. -I../.. -Ibuild-COLDCARD_MK4 -I../../lib/cmsis/inc -I../../lib/stm32lib/CMSIS/STM32L4xx/Include/ -I../../lib/stm32lib/STM32L4xx_HAL_Driver/Inc -Iusbdev/core/inc -Iusbdev/class/inc -Ilwip_inc -Wall -Wpointer-arith -Werror -Wdouble-promotion -Wfloat-conversion -std=gnu99 -nostdlib -DVECT_TAB_OFFSET=0x20000 -I/work/external/libngu/ngu -I/work/external/libngu/libs -DNGU_INCL_AES=1 -DFFCONF_H=\"lib/oofatfs/ffconf.h\" -DMICROPY_VFS_FAT=1 -DMICROPY_VFS_LFS2=1 -DLFS2_NO_MALLOC -DLFS2_NO_DEBUG -DLFS2_NO_WARN -DLFS2_NO_ERROR -DLFS2_NO_ASSERT -DMP_CONFIGFILE=\"boards/COLDCARD_MK4/ckcc-port.h\" -DCOLDCARD_DEBUG=0 -DSTM32L4S5xx -mthumb -mfpu=fpv4-sp-d16 -mfloat-abi=hard -mtune=cortex-m4 -mcpu=cortex-m4 -g -Os -DNDEBUG -Iboards/COLDCARD_MK4 -DSTM32_HAL_H='<stm32l4xx_hal.h>' -DMICROPY_HW_VTOR=0x08020000 -DMICROPY_FLOAT_IMPL=MICROPY_FLOAT_IMPL_FLOAT -fsingle-precision-constant -fdata-sections -ffunction-sections -DMICROPY_MODULE_FROZEN_STR -DMICROPY_QSTR_EXTRA_POOL=mp_qstr_frozen_const_pool -DMICROPY_MODULE_FROZEN_MPY -DMICROPY_ROM_TEXT_COMPRESSION=1 -DFULL_FAT_ASSERT -I/work/external/libngu/libs/cifra/src -I/work/external/libngu/libs/cifra/src/ext /work/external/libngu/libs/cifra/src/hmac.o /work/external/libngu/libs/cifra/src/sha1.o /work/external/libngu/libs/cifra/src/sha3.o /work/external/libngu/libs/cifra/src/sha256.o /work/external/libngu/libs/cifra/src/sha512.o /work/external/libngu/libs/cifra/src/pbkdf2.o /work/external/libngu/libs/cifra/src/chash.o /work/external/libngu/libs/cifra/src/blockwise.o /work/external/libngu/libs/cifra/src/aes.o /work/external/libngu/libs/cifra/src/modes.o
CC ../../py/nlrpowerpc.c
CC ../../py/nlrxtensa.c
CC ../../py/nlrsetjmp.c
CC ../../py/malloc.c
CC ../../py/gc.c
CC ../../py/pystack.c
CC ../../py/qstr.c
CC ../../py/vstr.c
CC ../../py/mpprint.c
CC ../../py/unicode.c
CC ../../py/mpz.c
CC ../../py/reader.c
CC ../../py/lexer.c
CC ../../py/parse.c
CC ../../py/scope.c
CC ../../py/compile.c
CC ../../py/emitcommon.c
CC ../../py/emitbc.c
CC ../../py/asmbase.c
CC ../../py/asmx64.c
CC ../../py/emitnx64.c
CC ../../py/asmx86.c
CC ../../py/emitnx86.c
CC ../../py/asmthumb.c
CC ../../py/emitnthumb.c
CC ../../py/emitinlinethumb.c
CC ../../py/asmarm.c
CC ../../py/emitnarm.c
CC ../../py/asmxtensa.c
CC ../../py/emitnxtensa.c
CC ../../py/emitinlinextensa.c
CC ../../py/emitnxtensawin.c
CC ../../py/formatfloat.c
CC ../../py/parsenumbase.c
CC ../../py/parsenum.c
CC ../../py/emitglue.c
CC ../../py/persistentcode.c
CC ../../py/runtime.c
CC ../../py/runtime_utils.c
CC ../../py/scheduler.c
CC ../../py/nativeglue.c
CC ../../py/pairheap.c
CC ../../py/ringbuf.c
CC ../../py/stackctrl.c
CC ../../py/argcheck.c
CC ../../py/warning.c
CC ../../py/profile.c
CC ../../py/map.c
CC ../../py/obj.c
CC ../../py/objarray.c
CC ../../py/objattrtuple.c
CC ../../py/objbool.c
CC ../../py/objboundmeth.c
CC ../../py/objcell.c
CC ../../py/objclosure.c
CC ../../py/objcomplex.c
CC ../../py/objdeque.c
CC ../../py/objdict.c
CC ../../py/objenumerate.c
CC ../../py/objexcept.c
CC ../../py/objfilter.c
CC ../../py/objfloat.c
CC ../../py/objfun.c
CC ../../py/objgenerator.c
CC ../../py/objgetitemiter.c
CC ../../py/objint.c
CC ../../py/objint_longlong.c
CC ../../py/objint_mpz.c
CC ../../py/objlist.c
CC ../../py/objmap.c
CC ../../py/objmodule.c
CC ../../py/objobject.c
CC ../../py/objpolyiter.c
CC ../../py/objproperty.c
CC ../../py/objnone.c
CC ../../py/objnamedtuple.c
CC ../../py/objrange.c
CC ../../py/objreversed.c
CC ../../py/objset.c
CC ../../py/objsingleton.c
CC ../../py/objslice.c
CC ../../py/objstr.c
CC ../../py/objstrunicode.c
CC ../../py/objstringio.c
CC ../../py/objtuple.c
CC ../../py/objtype.c
CC ../../py/objzip.c
CC ../../py/opmethods.c
CC ../../py/sequence.c
CC ../../py/stream.c
CC ../../py/binary.c
CC ../../py/builtinimport.c
CC ../../py/builtinevex.c
CC ../../py/builtinhelp.c
CC ../../py/modarray.c
CC ../../py/modbuiltins.c
CC ../../py/modcollections.c
CC ../../py/modgc.c
CC ../../py/modio.c
CC ../../py/modmath.c
CC ../../py/modcmath.c
CC ../../py/modmicropython.c
CC ../../py/modstruct.c
CC ../../py/modsys.c
CC ../../py/moduerrno.c
CC ../../py/modthread.c
CC ../../py/vm.c
CC ../../py/bc.c
CC ../../py/showbc.c
CC ../../py/repl.c
CC ../../py/smallint.c
CC ../../py/frozenmod.c
CC ../../extmod/moduasyncio.c
CC ../../extmod/moductypes.c
CC ../../extmod/modujson.c
CC ../../extmod/modure.c
CC ../../extmod/moduzlib.c
CC ../../extmod/moduheapq.c
CC ../../extmod/modutimeq.c
CC ../../extmod/moduhashlib.c
CC ../../extmod/moducryptolib.c
CC ../../extmod/modubinascii.c
CC ../../extmod/virtpin.c
CC ../../extmod/machine_mem.c
CC ../../extmod/machine_pinbase.c
CC ../../extmod/machine_signal.c
CC ../../extmod/machine_pulse.c
CC ../../extmod/machine_i2c.c
CC ../../extmod/machine_spi.c
CC ../../extmod/modbluetooth.c
CC ../../extmod/modussl_axtls.c
CC ../../extmod/modussl_mbedtls.c
CC ../../extmod/modurandom.c
CC ../../extmod/moduselect.c
CC ../../extmod/moduwebsocket.c
CC ../../extmod/modwebrepl.c
CC ../../extmod/modframebuf.c
CC ../../extmod/vfs.c
CC ../../extmod/vfs_blockdev.c
CC ../../extmod/vfs_reader.c
CC ../../extmod/vfs_posix.c
CC ../../extmod/vfs_posix_file.c
CC ../../extmod/vfs_fat.c
CC ../../extmod/vfs_fat_diskio.c
CC ../../extmod/vfs_fat_file.c
CC ../../extmod/vfs_lfs.c
CC ../../extmod/utime_mphal.c
CC ../../extmod/uos_dupterm.c
CC ../../lib/embed/abort_.c
CC ../../lib/utils/printf.c
CC ../../lib/libc/string0.c
CC ../../lib/mp-readline/readline.c
CC ../../lib/netutils/netutils.c
CC ../../lib/netutils/trace.c
CC ../../lib/netutils/dhcpserver.c
CC ../../lib/timeutils/timeutils.c
CC ../../lib/utils/gchelper_native.c
CC ../../lib/utils/pyexec.c
CC ../../lib/utils/interrupt_char.c
CC ../../lib/utils/sys_stdio_mphal.c
CC ../../lib/utils/mpirq.c
CC ../../lib/libm/math.c
CC ../../lib/libm/acoshf.c
CC ../../lib/libm/asinfacosf.c
CC ../../lib/libm/asinhf.c
CC ../../lib/libm/atan2f.c
CC ../../lib/libm/atanf.c
CC ../../lib/libm/atanhf.c
CC ../../lib/libm/ef_rem_pio2.c
CC ../../lib/libm/erf_lgamma.c
CC ../../lib/libm/fmodf.c
CC ../../lib/libm/kf_cos.c
CC ../../lib/libm/kf_rem_pio2.c
CC ../../lib/libm/kf_sin.c
CC ../../lib/libm/kf_tan.c
CC ../../lib/libm/log1pf.c
CC ../../lib/libm/nearbyintf.c
CC ../../lib/libm/roundf.c
CC ../../lib/libm/sf_cos.c
CC ../../lib/libm/sf_erf.c
CC ../../lib/libm/sf_frexp.c
CC ../../lib/libm/sf_ldexp.c
CC ../../lib/libm/sf_modf.c
CC ../../lib/libm/sf_sin.c
CC ../../lib/libm/sf_tan.c
CC ../../lib/libm/wf_lgamma.c
CC ../../lib/libm/wf_tgamma.c
CC ../../lib/libm/thumb_vfp_sqrtf.c
CC ../../extmod/modonewire.c
CC ../../drivers/bus/softspi.c
MPY actions.py
MPY address_explorer.py
MPY auth.py
MPY backups.py
MPY callgate.py
MPY chains.py
MPY choosers.py
MPY compat7z.py
MPY countdowns.py
MPY descriptor.py
MPY dev_helper.py
MPY display.py
MPY drv_entro.py
MPY exceptions.py
MPY export.py
MPY files.py
MPY flow.py
MPY glob.py
MPY history.py
MPY hsm.py
MPY hsm_ux.py
MPY imptask.py
MPY login.py
MPY main.py
MPY mempad.py
MPY menu.py
MPY multisig.py
MPY numpad.py
MPY nvstore.py
MPY opcodes.py
MPY paper.py
MPY pincodes.py
MPY psbt.py
MPY pwsave.py
MPY queues.py
MPY qrs.py
MPY random.py
MPY seed.py
MPY selftest.py
MPY serializations.py
MPY sffile.py
MPY sram2.py
MPY ssd1306.py
MPY stash.py
MPY usb.py
MPY users.py
MPY utils.py
MPY ux.py
MPY version.py
MPY xor_seed.py
MPY sigheader.py
MPY graphics.py
MPY zevvpeep.py
MPY public_constants.py
MPY uasyncio/__init__.py
MPY uasyncio/core.py
MPY uasyncio/event.py
MPY uasyncio/funcs.py
MPY uasyncio/lock.py
MPY uasyncio/stream.py
MPY psram.py
MPY mk4.py
MPY vdisk.py
MPY nfc.py
MPY ndef.py
MPY trick_pins.py
MPY graphics_mk4.py
MPY bip39.py
GEN build-COLDCARD_MK4/frozen_content.c
CC ../../drivers/bus/softqspi.c
CC ../../drivers/memory/spiflash.c
CC ../../drivers/dht/dht.c
CC ../../lib/stm32lib/STM32L4xx_HAL_Driver/Src/stm32l4xx_hal.c
CC ../../lib/stm32lib/STM32L4xx_HAL_Driver/Src/stm32l4xx_hal_adc.c
CC ../../lib/stm32lib/STM32L4xx_HAL_Driver/Src/stm32l4xx_hal_adc_ex.c
CC ../../lib/stm32lib/STM32L4xx_HAL_Driver/Src/stm32l4xx_hal_cortex.c
CC ../../lib/stm32lib/STM32L4xx_HAL_Driver/Src/stm32l4xx_hal_dma.c
CC ../../lib/stm32lib/STM32L4xx_HAL_Driver/Src/stm32l4xx_hal_flash.c
CC ../../lib/stm32lib/STM32L4xx_HAL_Driver/Src/stm32l4xx_hal_flash_ex.c
CC ../../lib/stm32lib/STM32L4xx_HAL_Driver/Src/stm32l4xx_hal_gpio.c
CC ../../lib/stm32lib/STM32L4xx_HAL_Driver/Src/stm32l4xx_hal_i2c.c
CC ../../lib/stm32lib/STM32L4xx_HAL_Driver/Src/stm32l4xx_hal_pcd.c
CC ../../lib/stm32lib/STM32L4xx_HAL_Driver/Src/stm32l4xx_hal_pcd_ex.c
CC ../../lib/stm32lib/STM32L4xx_HAL_Driver/Src/stm32l4xx_hal_pwr.c
CC ../../lib/stm32lib/STM32L4xx_HAL_Driver/Src/stm32l4xx_hal_pwr_ex.c
CC ../../lib/stm32lib/STM32L4xx_HAL_Driver/Src/stm32l4xx_hal_rcc.c
CC ../../lib/stm32lib/STM32L4xx_HAL_Driver/Src/stm32l4xx_hal_rcc_ex.c
CC ../../lib/stm32lib/STM32L4xx_HAL_Driver/Src/stm32l4xx_hal_rtc.c
CC ../../lib/stm32lib/STM32L4xx_HAL_Driver/Src/stm32l4xx_hal_rtc_ex.c
CC ../../lib/stm32lib/STM32L4xx_HAL_Driver/Src/stm32l4xx_hal_spi.c
CC ../../lib/stm32lib/STM32L4xx_HAL_Driver/Src/stm32l4xx_hal_tim.c
CC ../../lib/stm32lib/STM32L4xx_HAL_Driver/Src/stm32l4xx_hal_tim_ex.c
CC ../../lib/stm32lib/STM32L4xx_HAL_Driver/Src/stm32l4xx_hal_uart.c
CC ../../lib/stm32lib/STM32L4xx_HAL_Driver/Src/stm32l4xx_ll_usb.c
CC ../../lib/stm32lib/STM32L4xx_HAL_Driver/Src/stm32l4xx_hal_sd.c
CC ../../lib/stm32lib/STM32L4xx_HAL_Driver/Src/stm32l4xx_hal_sd_ex.c
CC ../../lib/stm32lib/STM32L4xx_HAL_Driver/Src/stm32l4xx_ll_sdmmc.c
CC ../../lib/stm32lib/STM32L4xx_HAL_Driver/Src/stm32l4xx_ll_fmc.c
CC ../../lib/stm32lib/STM32L4xx_HAL_Driver/Src/stm32l4xx_hal_can.c
CC usbdev/core/src/usbd_core.c
CC usbdev/core/src/usbd_ctlreq.c
CC usbdev/core/src/usbd_ioreq.c
CC usbdev/class/src/usbd_cdc_msc_hid.c
CC usbdev/class/src/usbd_msc_bot.c
CC usbdev/class/src/usbd_msc_scsi.c
CC boardctrl.c
CC main.c
CC stm32_it.c
CC usbd_conf.c
CC usbd_desc.c
CC usbd_cdc_interface.c
CC usbd_hid_interface.c
CC usbd_msc_interface.c
CC mphalport.c
CC mpthreadport.c
CC irq.c
CC pendsv.c
CC systick.c
CC softtimer.c
CC powerctrl.c
CC powerctrlboot.c
CC rfcore.c
CC pybthread.c
CC factoryreset.c
CC timer.c
CC led.c
CC pin.c
CC pin_defs_stm32.c
CC pin_named_pins.c
CC bufhelper.c
CC dma.c
CC i2c.c
CC pyb_i2c.c
CC spi.c
CC pyb_spi.c
CC qspi.c
CC uart.c
CC can.c
CC fdcan.c
CC pyb_can.c
CC usb.c
CC wdt.c
CC eth.c
CC gccollect.c
CC help.c
CC machine_adc.c
CC machine_i2c.c
CC machine_spi.c
CC machine_timer.c
CC machine_uart.c
CC modmachine.c
CC modpyb.c
CC modstm.c
CC moduos.c
CC modutime.c
CC modusocket.c
CC network_lan.c
CC modnetwork.c
CC extint.c
CC usrsw.c
CC rng.c
CC rtc.c
CC flash.c
CC flashbdev.c
CC spibdev.c
CC storage.c
CC sdcard.c
CC sdram.c
CC fatfs_port.c
CC lcd.c
CC accel.c
CC servo.c
CC dac.c
CC adc.c
CC boards/COLDCARD_MK4/clocks.c
CC boards/COLDCARD_MK4/file_time.c
CC boards/COLDCARD_MK4/initfs.c
CC boards/COLDCARD_MK4/modckcc.c
CC boards/COLDCARD_MK4/psramdisk.c
CC boards/COLDCARD_MK4/rng.c
CC boards/COLDCARD_MK4/stm32l4xx_hal_tsc.c
CC boards/COLDCARD_MK4/ulight.c
CC boards/COLDCARD_MK4/vcp_lockdown.c
AS ../../lib/stm32lib/CMSIS/STM32L4xx/Source/Templates/gcc/startup_stm32l4s5xx.s
CC ../../lib/stm32lib/CMSIS/STM32L4xx/Source/Templates/system_stm32l4xx.c
CC system_stm32.c
AS resethandler.s
AS ../../lib/utils/gchelper_m3.s
AS boards/COLDCARD_MK4/c-modules/aes256ctr/aes_256_ctr.s
CC boards/COLDCARD_MK4/c-modules/aes256ctr/module.c
CC boards/COLDCARD_MK4/c-modules/libngu/hash.c
CC boards/COLDCARD_MK4/c-modules/libngu/modngu.c
CC boards/COLDCARD_MK4/c-modules/libngu/ec.c
CC boards/COLDCARD_MK4/c-modules/libngu/cert.c
CC boards/COLDCARD_MK4/c-modules/libngu/k1.c
CC boards/COLDCARD_MK4/c-modules/libngu/random.c
CC boards/COLDCARD_MK4/c-modules/libngu/base32.c
CC boards/COLDCARD_MK4/c-modules/libngu/codecs.c
CC boards/COLDCARD_MK4/c-modules/libngu/hm.c
CC boards/COLDCARD_MK4/c-modules/libngu/libbase58.c
CC boards/COLDCARD_MK4/c-modules/libngu/hdnode.c
CC boards/COLDCARD_MK4/c-modules/libngu/my_assert.c
CC boards/COLDCARD_MK4/c-modules/libngu/lib_secp256k1.c
CC boards/COLDCARD_MK4/c-modules/libngu/rmd160.c
CC boards/COLDCARD_MK4/c-modules/libngu/aes.c
CC boards/COLDCARD_MK4/c-modules/libngu/lib_segwit.c
CC ../../lib/oofatfs/ff.c
CC ../../lib/oofatfs/ffunicode.c
CC ../../lib/littlefs/lfs2.c
CC ../../lib/littlefs/lfs2_util.c
CC build-COLDCARD_MK4/pins_COLDCARD_MK4.c
CC build-COLDCARD_MK4/frozen_content.c
LINK build-COLDCARD_MK4/firmware.elf
   text	   data	    bss	    dec	    hex	filename
 831644	    204	  27376	 859224	  d1c58	build-COLDCARD_MK4/firmware.elf
INFO: this build requires mboot to be installed first
GEN build-COLDCARD_MK4/firmware0.bin
GEN build-COLDCARD_MK4/firmware1.bin
GEN build-COLDCARD_MK4/firmware.hex
GEN build-COLDCARD_MK4/firmware.dfu
make[1]: Leaving directory '/work/external/micropython/ports/stm32'
